[archcraft.io/index.html]
[backblue.gif]
[fade.gif]
[index.html]
[archcraft.io/index-2.html]
[archcraft.io/images/meta.jpg]
[archcraft.io/images/fav.svg]
[archcraft.io/assets/css/main.css]
[archcraft.io/images/logo.svg]
[archcraft.io/download.html]
[archcraft.io/flavors.html]
[archcraft.io/premium.html]
[archcraft.io/gallery.html]
[wiki.archcraft.io/news.html]
[wiki.archcraft.io/index.html]
[archcraft.io/more.html]
[archcraft.io/images/wm/openbox/1.png]
[www.reddit.com/r/archcraft.html]
[discord.com/invite/3PzeJ5S7Pu.html]
[t.me/archcraftos.html]
[matrix.to/index.html]
[github.com/sponsors/adi1090x.html]
[github.com/archcraft-os.html]
[github.com/archcraft-os/archcraft.html]
[sourceforge.net/projects/archcraft/files/index.html]
[github.com/login7ae5.html]
[github.com/adi1090x.html]
[archcraft.io/assets/js/jquery.min.js]
[archcraft.io/assets/js/jquery.scrollex.min.js]
[archcraft.io/assets/js/jquery.scrolly.min.js]
[archcraft.io/assets/js/browser.min.js]
[archcraft.io/assets/js/breakpoints.min.js]
[archcraft.io/assets/js/util.js]
[archcraft.io/assets/js/main.js]
[archcraft.io/index.html]
[archcraft.io/index-2.html]
[twitter.com/adi1090x.html]
[archcraft.io/images/2.svg]
[sodipodi.sourceforge.net/DTD/sodipodi-0.24.delayed]
[www.w3.org/1999/xlink.html]
[www.w3.org/2000/svg.html]
[archcraft.io/images/fav.svg]
[archcraft.io/assets/css/fontawesome-all.min.css]
[archcraft.io/assets/css/images/overlay.png]
[archcraft.io/assets/css/main.css]
[archcraft.io/assets/css/noscript.css]
[archcraft.io/images/1.2c.delayed]
[archcraft.io/images/logo.svg]
[www.archlinux.org/index.html]
[archcraft.io/download-2.html]
[raw.githubusercontent.com/archcraft-os/core-packages/main/calamares-config/files/calamares/branding/archcraft/welcome.png]
[github.com/archcraft-os/archcraft/blob/master/changelog.html]
[sourceforge.net/projects/archcraft/files/latest/download.30.delayed]
[drive.google.com/drive/folders/1iI4OrdZ3gMHKbRzBR6BpN4iFOp595pJw29de.html]
[archcraft.io/download.html]
[archcraft.io/flavors-2.html]
[archcraftmirror.ml/index.html]
[kiszczyc.pl/archcraft/index.html]
[objects.githubusercontent.com/github-production-release-asset-2e65be/547100840/archcraft-xfce-2023.01.20-x86_649591.iso]
[github.com/archcraft-os/archcraft-xfce/releases.html]
[objects.githubusercontent.com/github-production-release-asset-2e65be/547100840/archcraft-xfce-2023.01.20-x86_64.iso69db.sig]
[objects.githubusercontent.com/github-production-release-asset-2e65be/547100840/archcraft-xfce-2023.01.20-x86_64.isob231.sha256sum]
[objects.githubusercontent.com/github-production-release-asset-2e65be/547100840/archcraft-xfce-2023.01.20-x86_64.isocd57.torrent]
[github.com/login2413.html]
[github.com/archcraft-os/archcraft-xfce.html]
[archcraft.io/images/de/xfce/2.png]
[objects.githubusercontent.com/github-production-release-asset-2e65be/549383486/archcraft-lxde-2023.01.22-x86_64e3e7.iso]
[github.com/archcraft-os/archcraft-lxde/releases.html]
[objects.githubusercontent.com/github-production-release-asset-2e65be/549383486/archcraft-lxde-2023.01.22-x86_64.iso872b.sig]
[objects.githubusercontent.com/github-production-release-asset-2e65be/549383486/archcraft-lxde-2023.01.22-x86_64.iso892d.sha256sum]
[objects.githubusercontent.com/github-production-release-asset-2e65be/549383486/archcraft-lxde-2023.01.22-x86_64.iso9b01.torrent]
[github.com/login028e.html]
[github.com/archcraft-os/archcraft-lxde.html]
[archcraft.io/flavors.html]
[archcraft.io/images/de/lxde/s1.png]
[archcraft.io/premium-2.html]
