[archcraft.io/index.html]
[backblue.gif]
[fade.gif]
[index.html]
[archcraft.io/index-2.html]
[archcraft.io/images/meta.jpg]
[archcraft.io/images/fav.svg]
[archcraft.io/assets/css/main.css]
[archcraft.io/images/logo.svg]
[archcraft.io/download.html]
[archcraft.io/flavors.html]
[archcraft.io/premium.html]
[archcraft.io/gallery.html]
[wiki.archcraft.io/news.html]
[wiki.archcraft.io/index.html]
[archcraft.io/more.html]
[archcraft.io/images/wm/openbox/1.png]
[www.reddit.com/r/archcraft.html]
[discord.com/invite/3PzeJ5S7Pu.html]
[t.me/archcraftos.html]
[matrix.to/index.html]
[github.com/sponsors/adi1090x.html]
[github.com/archcraft-os.html]
[github.com/archcraft-os/archcraft.html]
[sourceforge.net/projects/archcraft/files/index.html]
[github.com/login7ae5.html]
[github.com/adi1090x.html]
[archcraft.io/assets/js/jquery.min.js]
[archcraft.io/assets/js/jquery.scrollex.min.js]
[archcraft.io/assets/js/jquery.scrolly.min.js]
[archcraft.io/assets/js/browser.min.js]
[archcraft.io/assets/js/breakpoints.min.js]
[archcraft.io/assets/js/util.js]
[archcraft.io/assets/js/main.js]
[archcraft.io/index.html]
[archcraft.io/index-2.html]
[twitter.com/adi1090x.html]
[archcraft.io/images/2.svg]
[sodipodi.sourceforge.net/DTD/sodipodi-0.24.delayed]
[www.w3.org/1999/xlink.html]
[www.w3.org/2000/svg.html]
[archcraft.io/images/fav.svg]
[archcraft.io/assets/css/fontawesome-all.min.css]
[archcraft.io/assets/css/images/overlay.png]
[archcraft.io/assets/css/main.css]
[archcraft.io/assets/css/noscript.css]
[archcraft.io/images/1.2c.delayed]
[archcraft.io/images/logo.svg]
[www.archlinux.org/index.html]
[archcraft.io/download-2.html]
[raw.githubusercontent.com/archcraft-os/core-packages/main/calamares-config/files/calamares/branding/archcraft/welcome.png]
[github.com/archcraft-os/archcraft/blob/master/changelog.html]
[sourceforge.net/projects/archcraft/files/latest/download.30.delayed]
[drive.google.com/drive/folders/1iI4OrdZ3gMHKbRzBR6BpN4iFOp595pJw29de.html]
[archcraft.io/download.html]
[archcraft.io/flavors-2.html]
[archcraftmirror.ml/index.html]
[kiszczyc.pl/archcraft/index.html]
[objects.githubusercontent.com/github-production-release-asset-2e65be/547100840/archcraft-xfce-2023.01.20-x86_649591.iso]
[github.com/archcraft-os/archcraft-xfce/releases.html]
[objects.githubusercontent.com/github-production-release-asset-2e65be/547100840/archcraft-xfce-2023.01.20-x86_64.iso69db.sig]
[objects.githubusercontent.com/github-production-release-asset-2e65be/547100840/archcraft-xfce-2023.01.20-x86_64.isob231.sha256sum]
[objects.githubusercontent.com/github-production-release-asset-2e65be/547100840/archcraft-xfce-2023.01.20-x86_64.isocd57.torrent]
[github.com/login2413.html]
[github.com/archcraft-os/archcraft-xfce.html]
[archcraft.io/images/de/xfce/2.png]
[objects.githubusercontent.com/github-production-release-asset-2e65be/549383486/archcraft-lxde-2023.01.22-x86_64e3e7.iso]
[github.com/archcraft-os/archcraft-lxde/releases.html]
[objects.githubusercontent.com/github-production-release-asset-2e65be/549383486/archcraft-lxde-2023.01.22-x86_64.iso872b.sig]
[objects.githubusercontent.com/github-production-release-asset-2e65be/549383486/archcraft-lxde-2023.01.22-x86_64.iso892d.sha256sum]
[objects.githubusercontent.com/github-production-release-asset-2e65be/549383486/archcraft-lxde-2023.01.22-x86_64.iso9b01.torrent]
[github.com/login028e.html]
[github.com/archcraft-os/archcraft-lxde.html]
[archcraft.io/flavors.html]
[archcraft.io/images/de/lxde/s1.png]
[archcraft.io/premium-2.html]
[archcraft.io/assets/css/glightbox.css]
[ko-fi.com/s/213becbf00.html]
[github.com/archcraft-os/archcraft-wayland-special.html]
[archcraft.io/images/wayland/wayland.gif]
[github.com/archcraft-os/archcraft-wayland-special/issues.html]
[wiki.archlinux.org/title/Sway.html]
[wiki.archlinux.org/title/wayland.html]
[ko-fi.com/s/10f2e87af3.html]
[github.com/archcraft-os/archcraft-sway.html]
[www.youtube.com/watch32ad.html]
[archcraft.io/images/premium/sway_p.png]
[github.com/archcraft-os/archcraft-sway/issues.html]
[archcraft.io/images/wc/sway/sway_1.png]
[archcraft.io/images/wc/sway/sway_2.png]
[archcraft.io/images/wc/sway/sway_3.png]
[archcraft.io/images/wc/sway/sway_4.png]
[archcraft.io/images/wc/sway/sway_5.png]
[archcraft.io/images/wc/sway/sway_6.png]
[archcraft.io/images/wc/sway/sway_7.png]
[ko-fi.com/s/f379e986f4.html]
[github.com/archcraft-os/archcraft-wayfire.html]
[www.youtube.com/playlista522.html]
[archcraft.io/images/premium/wayfire_p.png]
[github.com/archcraft-os/archcraft-wayfire/issues.html]
[archcraft.io/images/wc/wayfire/wayfire.png]
[github.com/archcraft-os/archcraft-river.html]
[www.youtube.com/watch85a5.html]
[archcraft.io/images/premium/river_p.png]
[github.com/archcraft-os/archcraft-river/issues.html]
[archcraft.io/images/wc/river/River_1.png]
[archcraft.io/images/wc/river/River_2.png]
[archcraft.io/images/wc/river/River_3.png]
[archcraft.io/images/wc/river/River_4.png]
[archcraft.io/images/wc/river/River_5.png]
[archcraft.io/images/wc/river/River_6.png]
[archcraft.io/images/wc/river/River_7.png]
[archcraft.io/images/wc/river/River_8.png]
[archcraft.io/images/wc/river/River_9.png]
[wiki.hyprland.org/Nvidia/index.html]
[ko-fi.com/s/71d0e298d9.html]
[github.com/archcraft-os/archcraft-hyprland.html]
[www.youtube.com/watch1e64.html]
[archcraft.io/images/premium/hyprland_p.png]
[github.com/archcraft-os/archcraft-hyprland/issues.html]
[archcraft.io/images/wc/hyprland/dark/hypr_dark_1.png]
[archcraft.io/images/wc/hyprland/dark/hypr_dark_2.png]
[archcraft.io/images/wc/hyprland/dark/hypr_dark_3.png]
[archcraft.io/images/wc/hyprland/dark/hypr_dark_4.png]
[archcraft.io/images/wc/hyprland/dark/hypr_dark_5.png]
[archcraft.io/images/wc/hyprland/catppuccin/hypr_catppuccin_1.png]
[archcraft.io/images/wc/hyprland/catppuccin/hypr_catppuccin_2.png]
[archcraft.io/images/wc/hyprland/catppuccin/hypr_catppuccin_3.png]
[archcraft.io/images/wc/hyprland/catppuccin/hypr_catppuccin_4.png]
[archcraft.io/images/wc/hyprland/catppuccin/hypr_catppuccin_5.png]
[ko-fi.com/s/524182856f.html]
[github.com/archcraft-os/archcraft-newm.html]
[www.youtube.com/playlist42e7.html]
[archcraft.io/images/premium/newm_p.png]
[github.com/archcraft-os/archcraft-newm/issues.html]
[archcraft.io/images/wc/newm/blur/newm_1.png]
[archcraft.io/images/wc/newm/blur/newm_2.png]
[archcraft.io/images/wc/newm/blur/newm_3.png]
[archcraft.io/images/wc/newm/blur/newm_4.png]
[archcraft.io/images/wc/newm/blur/newm_5.png]
[archcraft.io/images/wc/newm/blur/newm_6.png]
[archcraft.io/images/wc/newm/solid/newm_1.png]
[archcraft.io/images/wc/newm/solid/newm_2.png]
[archcraft.io/images/wc/newm/solid/newm_3.png]
[archcraft.io/images/wc/newm/solid/newm_4.png]
[archcraft.io/images/wc/newm/solid/newm_5.png]
[archcraft.io/images/wc/newm/solid/newm_6.png]
[ko-fi.com/s/9b2de4919f.html]
[github.com/archcraft-os/archcraft-openbox.html]
[www.youtube.com/watch64f4.html]
[archcraft.io/images/premium/openbox_p.png]
[github.com/archcraft-os/archcraft-openbox/issues.html]
[archcraft.io/images/premium/openbox/openbox_1.png]
[archcraft.io/images/premium/openbox/openbox_2.png]
[archcraft.io/images/premium/openbox/openbox_3.png]
[archcraft.io/images/premium/openbox/openbox_4.png]
[archcraft.io/images/premium/openbox/openbox_5.png]
[archcraft.io/images/premium/openbox/openbox_6.png]
[archcraft.io/images/premium/openbox/openbox_7.png]
[archcraft.io/images/premium/openbox/openbox_8.png]
[archcraft.io/images/premium/openbox/openbox_9.png]
[archcraft.io/images/premium/openbox/openbox_10.png]
[archcraft.io/images/premium/openbox/openbox_11.png]
[archcraft.io/images/premium/openbox/openbox_12.png]
[archcraft.io/images/premium/openbox/openbox_13.png]
[archcraft.io/images/premium/openbox/openbox_14.png]
[archcraft.io/images/premium/openbox/openbox_15.png]
[archcraft.io/images/premium/openbox/openbox_16.png]
[archcraft.io/images/premium/openbox/openbox_17.png]
[archcraft.io/images/premium/openbox/openbox_18.png]
[archcraft.io/images/premium/openbox/openbox_19.png]
[archcraft.io/images/premium/openbox/openbox_20.png]
[ko-fi.com/s/5c859ad898.html]
[github.com/archcraft-os/archcraft-bspwm.html]
[www.youtube.com/watchd230.html]
[archcraft.io/images/premium/bspwm_p.png]
[github.com/archcraft-os/archcraft-bspwm/issues.html]
[archcraft.io/images/premium/bspwm/bspwm_1.png]
[archcraft.io/images/premium/bspwm/bspwm_2.png]
[archcraft.io/images/premium/bspwm/bspwm_3.png]
[archcraft.io/images/premium/bspwm/bspwm_4.png]
[archcraft.io/images/premium/bspwm/bspwm_5.png]
[archcraft.io/images/premium/bspwm/bspwm_6.png]
[archcraft.io/images/premium/bspwm/bspwm_7.png]
[archcraft.io/images/premium/bspwm/bspwm_8.png]
[archcraft.io/images/premium/bspwm/bspwm_9.png]
[archcraft.io/images/premium/bspwm/bspwm_10.png]
[archcraft.io/images/premium/bspwm/bspwm_11.png]
[archcraft.io/images/premium/bspwm/bspwm_12.png]
[archcraft.io/images/premium/bspwm/bspwm_13.png]
[archcraft.io/images/premium/bspwm/bspwm_14.png]
[archcraft.io/images/premium/bspwm/bspwm_15.png]
[archcraft.io/images/premium/bspwm/bspwm_16.png]
[archcraft.io/images/premium/bspwm/bspwm_17.png]
[archcraft.io/images/premium/bspwm/bspwm_18.png]
[archcraft.io/images/premium/bspwm/bspwm_19.png]
[archcraft.io/images/premium/bspwm/bspwm_20.png]
[ko-fi.com/s/a529474abf.html]
[github.com/archcraft-os/archcraft-i3wm.html]
[www.youtube.com/watchb545.html]
[archcraft.io/images/premium/i3wm_p.png]
[github.com/archcraft-os/archcraft-i3wm/issues.html]
[archcraft.io/images/premium/i3wm/i3_1.png]
[archcraft.io/images/premium/i3wm/i3_2.png]
[archcraft.io/images/premium/i3wm/i3_3.png]
[archcraft.io/images/premium/i3wm/i3_4.png]
[archcraft.io/images/premium/i3wm/i3_5.png]
[archcraft.io/images/premium/i3wm/i3_6.png]
[archcraft.io/images/premium/i3wm/i3_7.png]
[archcraft.io/images/premium/i3wm/i3_8.png]
[archcraft.io/images/premium/i3wm/i3_9.png]
[archcraft.io/images/premium/i3wm/i3_10.png]
[archcraft.io/images/premium/i3wm/i3_11.png]
[archcraft.io/images/premium/i3wm/i3_12.png]
[archcraft.io/images/premium/i3wm/i3_13.png]
[archcraft.io/images/premium/i3wm/i3_14.png]
[archcraft.io/images/premium/i3wm/i3_15.png]
[archcraft.io/images/premium/i3wm/i3_16.png]
[archcraft.io/images/premium/i3wm/i3_17.png]
[archcraft.io/images/premium/i3wm/i3_18.png]
[archcraft.io/images/premium/i3wm/i3_19.png]
[archcraft.io/images/premium/i3wm/i3_20.png]
[archcraft.io/images/premium/i3wm/i3_21.png]
[archcraft.io/images/premium/i3wm/i3_22.png]
[archcraft.io/images/premium/i3wm/i3_23.png]
[archcraft.io/images/premium/i3wm/i3_24.png]
[archcraft.io/images/premium/i3wm/i3_25.png]
[archcraft.io/assets/js/glightbox.js]
[archcraft.io/premium.html]
[archcraft.io/gallery-2.html]
[archcraft.io/images/wm/openbox/2.png]
[archcraft.io/images/wm/openbox/3.png]
[archcraft.io/images/wm/openbox/4.png]
[archcraft.io/images/wm/openbox/5.png]
[archcraft.io/images/wm/openbox/6.png]
[archcraft.io/images/wm/openbox/7.png]
[archcraft.io/images/wm/openbox/8.png]
[archcraft.io/images/wm/openbox/9.png]
[archcraft.io/images/wm/openbox/10.png]
[archcraft.io/images/wm/bspwm/1.png]
[archcraft.io/images/wm/bspwm/2.png]
[archcraft.io/images/wm/bspwm/3.png]
[archcraft.io/images/wm/bspwm/4.png]
[archcraft.io/images/wm/bspwm/5.png]
[archcraft.io/images/wm/bspwm/6.png]
[archcraft.io/images/wm/bspwm/7.png]
[archcraft.io/images/wm/bspwm/8.png]
[archcraft.io/images/wm/bspwm/9.png]
[archcraft.io/images/wm/bspwm/10.png]
[archcraft.io/images/wm/dwm/0.png]
[archcraft.io/images/wm/dwm/1.png]
[archcraft.io/images/wm/dwm/2.png]
[archcraft.io/images/wm/dwm/3.png]
[archcraft.io/images/wm/dwm/4.png]
[archcraft.io/images/wm/dwm/5.png]
[archcraft.io/images/wm/dwm/6.png]
[archcraft.io/images/wm/dwm/7.png]
[archcraft.io/images/wm/dwm/8.png]
[archcraft.io/images/wm/i3wm/i3wm.png]
[archcraft.io/images/wm/xmonad/xmonad.png]
[archcraft.io/images/wm/herbstluftwm/herb_1.png]
[archcraft.io/images/wm/herbstluftwm/herb_2.png]
[archcraft.io/images/wm/herbstluftwm/herb_3.png]
[archcraft.io/images/wm/herbstluftwm/herb_4.png]
[archcraft.io/images/wm/herbstluftwm/herb_5.png]
[archcraft.io/images/wm/herbstluftwm/herb_6.png]
[archcraft.io/images/wm/herbstluftwm/herb_7.png]
[archcraft.io/images/wm/berry/berry.png]
[archcraft.io/images/wm/fluxbox/fb_1.png]
[archcraft.io/images/wm/fluxbox/fb_2.png]
[archcraft.io/images/wm/fluxbox/fb_3.png]
[archcraft.io/images/wm/fluxbox/fb_4.png]
[archcraft.io/images/de/xfce/0.png]
[archcraft.io/images/de/xfce/3.png]
[archcraft.io/images/de/xfce/4.png]
[archcraft.io/images/de/xfce/5.png]
[archcraft.io/images/de/xfce/6.png]
[archcraft.io/images/de/xfce/7.png]
[archcraft.io/images/de/xfce/8.png]
[archcraft.io/images/de/xfce/9.png]
[archcraft.io/images/de/xfce/10.png]
[archcraft.io/images/de/xfce/11.png]
[archcraft.io/images/de/xfce/12.png]
[archcraft.io/images/de/xfce/13.png]
[archcraft.io/images/de/xfce/14.png]
[archcraft.io/images/de/xfce/15.png]
[archcraft.io/images/de/xfce/16.png]
[archcraft.io/images/de/lxde/1.png]
[archcraft.io/images/de/lxde/2.png]
[archcraft.io/images/de/lxde/3.png]
[archcraft.io/images/de/lxde/4.png]
[archcraft.io/images/de/lxde/5.png]
[archcraft.io/images/de/lxde/6.png]
[archcraft.io/images/de/lxde/7.png]
[archcraft.io/images/de/lxde/8.png]
[archcraft.io/images/de/lxde/9.png]
[archcraft.io/images/de/lxde/s2.png]
[archcraft.io/images/de/lxde/s3.png]
[archcraft.io/images/de/lxde/s4.png]
[archcraft.io/images/de/lxde/s5.png]
[archcraft.io/images/de/lxde/s6.png]
[archcraft.io/images/de/lxde/s7.png]
[archcraft.io/images/de/lxde/s8.png]
[archcraft.io/images/de/lxde/s9.png]
[archcraft.io/images/de/lxde/s10.png]
[archcraft.io/images/de/lxde/s11.png]
[archcraft.io/images/de/lxde/s12.png]
[archcraft.io/images/de/lxde/s13.png]
[archcraft.io/images/de/lxde/s14.png]
[archcraft.io/gallery.html]
[archcraft.io/images/de/lxde/s15.png]
[wiki.archcraft.io/blog/rss.xml]
[wiki.archcraft.io/blog/atom.xml]
[wiki.archcraft.io/opensearch.xml]
[wiki.archcraft.io/news/rss.xml]
[wiki.archcraft.io/news/atom.xml]
[wiki.archcraft.io/img/favicon.svg]
[wiki.archcraft.io/assets/css/styles.25cf9600.css]
[wiki.archcraft.io/pl/index.html]
[wiki.archcraft.io/fr/index.html]
[wiki.archcraft.io/tr/index.html]
[wiki.archcraft.io/assets/js/runtime_main.8570c40b.js]
[wiki.archcraft.io/pt-BR/index.html]
[wiki.archcraft.io/assets/js/main.18eb4ee0.js]
[wiki.archcraft.io/img/logo.svg]
[wiki.archcraft.io/docs/intro.html]
[wiki.archcraft.io/blog.html]
[github.com/archcraft-os/releases.html]
[github.com/archcraft-os/archcraft/issues.html]
[github.com/archcraft-os/documentation.html]
[archcraft.io/more-2.html]
[sourceforge.net/projects/archcraft.150.delayed]
[wiki.archcraft.io/index.html]
[wiki.archcraft.io/fr/news.html]
[wiki.archcraft.io/pl/news.html]
[wiki.archcraft.io/tr/news.html]
[wiki.archcraft.io/pt-BR/news.html]
[wiki.archcraft.io/news/15-release-news.html]
[wiki.archcraft.io/news/14-release-news.html]
[wiki.archcraft.io/news/13-release-news.html]
[wiki.archcraft.io/news/12-release-news.html]
[wiki.archcraft.io/news/11-release-news.html]
[wiki.archcraft.io/news.html]
[archcraft.io/more.html]
[www.reddit.com/r/archcraft.html]
[discord.com/invite/3PzeJ5S7Pu.html]
[t.me/archcraftos.html]
[matrix.to/index.html]
[github.com/sponsors/adi1090x.html]
[github.com/archcraft-os.html]
[github.com/archcraft-os/archcraft.html]
[sourceforge.net/projects/archcraft/files/index.html]
[github.com/login7ae5.html]
[github.com/adi1090x.html]
[twitter.com/adi1090x.html]
[archcraft.io/images/2.html]
[inkscape.org/namespaces/inkscape/index.html]
[sodipodi.sourceforge.net/DTD/sodipodi-0.html]
[www.w3.org/1999/xlink.html]
[www.w3.org/2000/svg.html]
[archcraft.io/assets/css/fontawesome-all.min.css]
[fonts.googleapis.com/cssb064.css]
[archcraft.io/images/1.html]
[archcraft.io/download-2.html]
[github.com/archcraft-os/archcraft/blob/master/changelog.html]
[sourceforge.net/projects/archcraft/files/latest/download.html]
[drive.google.com/drive/folders/1iI4OrdZ3gMHKbRzBR6BpN4iFOp595pJw29de.html]
[kiszczyc.pl/archcraft/index.html]
[archcraftmirror.ml/index.html]
[archcraft.io/flavors-2.html]
[github.com/archcraft-os/archcraft-xfce/releases.html]
[github.com/login2413.html]
[github.com/archcraft-os/archcraft-xfce.html]
[github.com/archcraft-os/archcraft-lxde/releases.html]
[github.com/login028e.html]
[github.com/archcraft-os/archcraft-lxde.html]
[archcraft.io/premium-2.html]
[archcraft.io/assets/css/glightbox.css]
[ko-fi.com/s/213becbf00.html]
[github.com/archcraft-os/archcraft-wayland-special.html]
[github.com/archcraft-os/archcraft-wayland-special/issues.html]
[wiki.archlinux.org/title/Sway.html]
[wiki.archlinux.org/title/wayland.html]
[ko-fi.com/s/10f2e87af3.html]
[github.com/archcraft-os/archcraft-sway.html]
[www.youtube.com/watch32ad.html]
[github.com/archcraft-os/archcraft-sway/issues.html]
[ko-fi.com/s/f379e986f4.html]
[github.com/archcraft-os/archcraft-wayfire.html]
[www.youtube.com/playlista522.html]
[github.com/archcraft-os/archcraft-wayfire/issues.html]
[github.com/archcraft-os/archcraft-river.html]
[www.youtube.com/watch85a5.html]
[github.com/archcraft-os/archcraft-river/issues.html]
[wiki.hyprland.org/Nvidia/index.html]
[ko-fi.com/s/71d0e298d9.html]
[github.com/archcraft-os/archcraft-hyprland.html]
[www.youtube.com/watch1e64.html]
[github.com/archcraft-os/archcraft-hyprland/issues.html]
[ko-fi.com/s/524182856f.html]
[github.com/archcraft-os/archcraft-newm.html]
[www.youtube.com/playlist42e7.html]
[github.com/archcraft-os/archcraft-newm/issues.html]
[ko-fi.com/s/9b2de4919f.html]
[github.com/archcraft-os/archcraft-openbox.html]
[www.youtube.com/watch64f4.html]
[github.com/archcraft-os/archcraft-openbox/issues.html]
[ko-fi.com/s/5c859ad898.html]
[github.com/archcraft-os/archcraft-bspwm.html]
[www.youtube.com/watchd230.html]
[github.com/archcraft-os/archcraft-bspwm/issues.html]
[ko-fi.com/s/a529474abf.html]
[github.com/archcraft-os/archcraft-i3wm.html]
[www.youtube.com/watchb545.html]
[github.com/archcraft-os/archcraft-i3wm/issues.html]
[archcraft.io/gallery-2.html]
[wiki.archcraft.io/img/favicon.svg]
[wiki.archcraft.io/fr/index.html]
[wiki.archcraft.io/pl/index.html]
[wiki.archcraft.io/tr/index.html]
[wiki.archcraft.io/pt-BR/index.html]
[bh4d9od16a-dsn.algolia.net/index.html]
[wiki.archcraft.io/assets/css/styles.25cf9600.css]
[wiki.archcraft.io/img/logo.svg]
[wiki.archcraft.io/docs/intro.html]
[wiki.archcraft.io/blog.html]
[github.com/archcraft-os/releases.html]
[github.com/archcraft-os/archcraft/issues.html]
[github.com/archcraft-os/documentation.html]
[archcraft.io/more-2.html]
[sourceforge.net/projects/archcraft.html]
[wiki.archcraft.io/fr/news.html]
[wiki.archcraft.io/pl/news.html]
[wiki.archcraft.io/tr/news.html]
[wiki.archcraft.io/pt-BR/news.html]
[wiki.archcraft.io/news/15-release-news.html]
[wiki.archcraft.io/news/14-release-news.html]
[wiki.archcraft.io/news/13-release-news.html]
[wiki.archcraft.io/news/12-release-news.html]
[wiki.archcraft.io/news/11-release-news.html]
[schema.org/BlogPosting.html]
[mega.nz/folder/OyZgUT7Z]
[objects.githubusercontent.com/github-production-release-asset-2e65be/547100840/archcraft-xfce-2023.01.20-x86_649591.iso]
[objects.githubusercontent.com/github-production-release-asset-2e65be/549383486/archcraft-lxde-2023.01.22-x86_64e3e7.iso]
[archcraft.io/images/wc/wayfire/wayfire.png]
[ko-fi.com/s/69957c0587]
[schema.org/Blog]
